<html>
<body>
<pre>
<h1>µVision Build Log</h1>
<h2>Tool Versions:</h2>
IDE-Version: ¦ÌVision V5.32.0.0
Copyright (C) 2020 ARM Ltd and ARM Germany GmbH. All rights reserved.
License Information: cccc phosense, cccc, LIC=BUURY-IZ4N7-BS6YX-H1QE2-4SU49-2HYG2
 
Tool Versions:
Toolchain:       MDK-ARM Plus  Version: 5.32.0.0
Toolchain Path:  d:\Keil_v5\ARM\ARMCC\Bin
C Compiler:      Armcc.exe V5.06 update 7 (build 960)
Assembler:       Armasm.exe V5.06 update 7 (build 960)
Linker/Locator:  ArmLink.exe V5.06 update 7 (build 960)
Library Manager: ArmAr.exe V5.06 update 7 (build 960)
Hex Converter:   FromElf.exe V5.06 update 7 (build 960)
CPU DLL:         SARMCM3.DLL V5.32.0.0
Dialog DLL:      DCM.DLL V1.17.3.0
Target DLL:      STLink\ST-LINKIII-KEIL_SWO.dll V3.0.8.0
Dialog DLL:      TCM.DLL V1.46.0.0
 
<h2>Project:</h2>
d:\cccc2020\CODE\XBR201-T2\test_gd32\LED.uvprojx
Project File Date:  10/16/2020

<h2>Output:</h2>
*** Using Compiler 'V5.06 update 7 (build 960)', folder: 'd:\Keil_v5\ARM\ARMCC\Bin'
*** Note: Rebuilding project, since 'Options->Output->Create Batch File' is selected.
Rebuild target 'GD32F130G8_LED'
compiling gd32f1x0_it.c...
compiling main.c...
compiling systick.c...
assembling startup_gd32f1x0.s...
compiling system_gd32f1x0.c...
compiling gd32f1x0_adc.c...
compiling gd32f1x0_can.c...
compiling gd32f1x0_cec.c...
compiling gd32f1x0_cmp.c...
compiling gd32f1x0_crc.c...
compiling gd32f1x0_dac.c...
compiling gd32f1x0_dbg.c...
compiling gd32f1x0_dma.c...
compiling gd32f1x0_exti.c...
compiling gd32f1x0_fmc.c...
compiling gd32f1x0_fwdgt.c...
compiling gd32f1x0_gpio.c...
compiling gd32f1x0_i2c.c...
compiling gd32f1x0_ivref.c...
compiling gd32f1x0_misc.c...
compiling gd32f1x0_opa.c...
compiling gd32f1x0_pmu.c...
compiling gd32f1x0_rcu.c...
compiling gd32f1x0_rtc.c...
compiling gd32f1x0_slcd.c...
compiling gd32f1x0_spi.c...
compiling gd32f1x0_syscfg.c...
compiling gd32f1x0_timer.c...
compiling gd32f1x0_tsi.c...
compiling gd32f1x0_usart.c...
compiling gd32f1x0_wwdgt.c...
compiling led.c...
linking...
Program Size: Code=1116 RO-data=392 RW-data=8 ZI-data=2144  
FromELF: creating hex file...
".\Objects\LED.axf" - 0 Error(s), 0 Warning(s).

<h2>Software Packages used:</h2>

Package Vendor: GigaDevice
                http://gd32mcu.21ic.com/data/documents/yingyongruanjian/GigaDevice.GD32F1x0_DFP.3.2.0.pack
                GigaDevice.GD32F1x0_DFP.3.2.0
                GigaDevice GD32F1x0 Series Device Support and Examples

<h2>Collection of Component include folders:</h2>
  d:\Keil_v5\Arm\Packs\GigaDevice\GD32F1x0_DFP\3.2.0\Device\Include

<h2>Collection of Component Files used:</h2>
Build Time Elapsed:  00:00:12
</pre>
</body>
</html>
