<!doctype html public "-//w3c//dtd html 4.0 transitional//en">
<html><head>
<title>Static Call Graph - [.\Objects\LED.axf]</title></head>
<body><HR>
<H1>Static Call Graph for image .\Objects\LED.axf</H1><HR>
<BR><P>#&#060CALLGRAPH&#062# ARM Linker, 5060960: Last Updated: Tue Oct 20 13:37:06 2020
<BR><P>
<H3>Maximum Stack Usage =        136 bytes + Unknown(Cycles, Untraceable Function Pointers)</H3><H3>
Call chain for Maximum Stack Depth:</H3>
main &rArr; USART0_Init &rArr; usart_baudrate_set &rArr; rcu_clock_freq_get
<P>
<H3>
Mutually Recursive functions
</H3> <LI><a href="#[16]">ADC_CMP_IRQHandler</a>&nbsp;&nbsp;&nbsp;&rArr;&nbsp;&nbsp;&nbsp;<a href="#[16]">ADC_CMP_IRQHandler</a><BR>
</UL>
<P>
<H3>
Function Pointers
</H3><UL>
 <LI><a href="#[16]">ADC_CMP_IRQHandler</a> from startup_gd32f1x0.o(.text) referenced from startup_gd32f1x0.o(RESET)
 <LI><a href="#[4]">BusFault_Handler</a> from gd32f1x0_it.o(i.BusFault_Handler) referenced from startup_gd32f1x0.o(RESET)
 <LI><a href="#[2f]">CAN0_RX0_IRQHandler</a> from startup_gd32f1x0.o(.text) referenced from startup_gd32f1x0.o(RESET)
 <LI><a href="#[30]">CAN0_RX1_IRQHandler</a> from startup_gd32f1x0.o(.text) referenced from startup_gd32f1x0.o(RESET)
 <LI><a href="#[31]">CAN0_SCE_IRQHandler</a> from startup_gd32f1x0.o(.text) referenced from startup_gd32f1x0.o(RESET)
 <LI><a href="#[2e]">CAN0_TX_IRQHandler</a> from startup_gd32f1x0.o(.text) referenced from startup_gd32f1x0.o(RESET)
 <LI><a href="#[36]">CAN1_RX0_IRQHandler</a> from startup_gd32f1x0.o(.text) referenced from startup_gd32f1x0.o(RESET)
 <LI><a href="#[37]">CAN1_RX1_IRQHandler</a> from startup_gd32f1x0.o(.text) referenced from startup_gd32f1x0.o(RESET)
 <LI><a href="#[38]">CAN1_SCE_IRQHandler</a> from startup_gd32f1x0.o(.text) referenced from startup_gd32f1x0.o(RESET)
 <LI><a href="#[35]">CAN1_TX_IRQHandler</a> from startup_gd32f1x0.o(.text) referenced from startup_gd32f1x0.o(RESET)
 <LI><a href="#[26]">CEC_IRQHandler</a> from startup_gd32f1x0.o(.text) referenced from startup_gd32f1x0.o(RESET)
 <LI><a href="#[13]">DMA_Channel0_IRQHandler</a> from startup_gd32f1x0.o(.text) referenced from startup_gd32f1x0.o(RESET)
 <LI><a href="#[14]">DMA_Channel1_2_IRQHandler</a> from startup_gd32f1x0.o(.text) referenced from startup_gd32f1x0.o(RESET)
 <LI><a href="#[15]">DMA_Channel3_4_IRQHandler</a> from startup_gd32f1x0.o(.text) referenced from startup_gd32f1x0.o(RESET)
 <LI><a href="#[33]">DMA_Channel5_6_IRQHandler</a> from startup_gd32f1x0.o(.text) referenced from startup_gd32f1x0.o(RESET)
 <LI><a href="#[7]">DebugMon_Handler</a> from gd32f1x0_it.o(i.DebugMon_Handler) referenced from startup_gd32f1x0.o(RESET)
 <LI><a href="#[f]">EXTI0_1_IRQHandler</a> from startup_gd32f1x0.o(.text) referenced from startup_gd32f1x0.o(RESET)
 <LI><a href="#[10]">EXTI2_3_IRQHandler</a> from startup_gd32f1x0.o(.text) referenced from startup_gd32f1x0.o(RESET)
 <LI><a href="#[11]">EXTI4_15_IRQHandler</a> from startup_gd32f1x0.o(.text) referenced from startup_gd32f1x0.o(RESET)
 <LI><a href="#[d]">FMC_IRQHandler</a> from startup_gd32f1x0.o(.text) referenced from startup_gd32f1x0.o(RESET)
 <LI><a href="#[2]">HardFault_Handler</a> from gd32f1x0_it.o(i.HardFault_Handler) referenced from startup_gd32f1x0.o(RESET)
 <LI><a href="#[27]">I2C0_ER_IRQHandler</a> from startup_gd32f1x0.o(.text) referenced from startup_gd32f1x0.o(RESET)
 <LI><a href="#[20]">I2C0_EV_IRQHandler</a> from startup_gd32f1x0.o(.text) referenced from startup_gd32f1x0.o(RESET)
 <LI><a href="#[28]">I2C1_ER_IRQHandler</a> from startup_gd32f1x0.o(.text) referenced from startup_gd32f1x0.o(RESET)
 <LI><a href="#[21]">I2C1_EV_IRQHandler</a> from startup_gd32f1x0.o(.text) referenced from startup_gd32f1x0.o(RESET)
 <LI><a href="#[2a]">I2C2_ER_IRQHandler</a> from startup_gd32f1x0.o(.text) referenced from startup_gd32f1x0.o(RESET)
 <LI><a href="#[29]">I2C2_EV_IRQHandler</a> from startup_gd32f1x0.o(.text) referenced from startup_gd32f1x0.o(RESET)
 <LI><a href="#[b]">LVD_IRQHandler</a> from startup_gd32f1x0.o(.text) referenced from startup_gd32f1x0.o(RESET)
 <LI><a href="#[3]">MemManage_Handler</a> from gd32f1x0_it.o(i.MemManage_Handler) referenced from startup_gd32f1x0.o(RESET)
 <LI><a href="#[1]">NMI_Handler</a> from gd32f1x0_it.o(i.NMI_Handler) referenced from startup_gd32f1x0.o(RESET)
 <LI><a href="#[8]">PendSV_Handler</a> from gd32f1x0_it.o(i.PendSV_Handler) referenced from startup_gd32f1x0.o(RESET)
 <LI><a href="#[e]">RCU_IRQHandler</a> from startup_gd32f1x0.o(.text) referenced from startup_gd32f1x0.o(RESET)
 <LI><a href="#[c]">RTC_IRQHandler</a> from startup_gd32f1x0.o(.text) referenced from startup_gd32f1x0.o(RESET)
 <LI><a href="#[3d]">Reset_Handler</a> from startup_gd32f1x0.o(.text) referenced from startup_gd32f1x0.o(RESET)
 <LI><a href="#[32]">SLCD_IRQHandler</a> from startup_gd32f1x0.o(.text) referenced from startup_gd32f1x0.o(RESET)
 <LI><a href="#[22]">SPI0_IRQHandler</a> from startup_gd32f1x0.o(.text) referenced from startup_gd32f1x0.o(RESET)
 <LI><a href="#[23]">SPI1_IRQHandler</a> from startup_gd32f1x0.o(.text) referenced from startup_gd32f1x0.o(RESET)
 <LI><a href="#[34]">SPI2_IRQHandler</a> from startup_gd32f1x0.o(.text) referenced from startup_gd32f1x0.o(RESET)
 <LI><a href="#[6]">SVC_Handler</a> from gd32f1x0_it.o(i.SVC_Handler) referenced from startup_gd32f1x0.o(RESET)
 <LI><a href="#[9]">SysTick_Handler</a> from gd32f1x0_it.o(i.SysTick_Handler) referenced from startup_gd32f1x0.o(RESET)
 <LI><a href="#[3a]">SystemInit</a> from system_gd32f1x0.o(i.SystemInit) referenced from startup_gd32f1x0.o(.text)
 <LI><a href="#[17]">TIMER0_BRK_UP_TRG_COM_IRQHandler</a> from startup_gd32f1x0.o(.text) referenced from startup_gd32f1x0.o(RESET)
 <LI><a href="#[18]">TIMER0_Channel_IRQHandler</a> from startup_gd32f1x0.o(.text) referenced from startup_gd32f1x0.o(RESET)
 <LI><a href="#[1c]">TIMER13_IRQHandler</a> from startup_gd32f1x0.o(.text) referenced from startup_gd32f1x0.o(RESET)
 <LI><a href="#[1d]">TIMER14_IRQHandler</a> from startup_gd32f1x0.o(.text) referenced from startup_gd32f1x0.o(RESET)
 <LI><a href="#[1e]">TIMER15_IRQHandler</a> from startup_gd32f1x0.o(.text) referenced from startup_gd32f1x0.o(RESET)
 <LI><a href="#[1f]">TIMER16_IRQHandler</a> from startup_gd32f1x0.o(.text) referenced from startup_gd32f1x0.o(RESET)
 <LI><a href="#[19]">TIMER1_IRQHandler</a> from startup_gd32f1x0.o(.text) referenced from startup_gd32f1x0.o(RESET)
 <LI><a href="#[1a]">TIMER2_IRQHandler</a> from startup_gd32f1x0.o(.text) referenced from startup_gd32f1x0.o(RESET)
 <LI><a href="#[1b]">TIMER5_DAC_IRQHandler</a> from startup_gd32f1x0.o(.text) referenced from startup_gd32f1x0.o(RESET)
 <LI><a href="#[12]">TSI_IRQHandler</a> from startup_gd32f1x0.o(.text) referenced from startup_gd32f1x0.o(RESET)
 <LI><a href="#[24]">USART0_IRQHandler</a> from startup_gd32f1x0.o(.text) referenced from startup_gd32f1x0.o(RESET)
 <LI><a href="#[25]">USART1_IRQHandler</a> from startup_gd32f1x0.o(.text) referenced from startup_gd32f1x0.o(RESET)
 <LI><a href="#[2d]">USBDWakeUp_IRQHandler</a> from startup_gd32f1x0.o(.text) referenced from startup_gd32f1x0.o(RESET)
 <LI><a href="#[2c]">USBD_HP_IRQHandler</a> from startup_gd32f1x0.o(.text) referenced from startup_gd32f1x0.o(RESET)
 <LI><a href="#[2b]">USBD_LP_IRQHandler</a> from startup_gd32f1x0.o(.text) referenced from startup_gd32f1x0.o(RESET)
 <LI><a href="#[5]">UsageFault_Handler</a> from gd32f1x0_it.o(i.UsageFault_Handler) referenced from startup_gd32f1x0.o(RESET)
 <LI><a href="#[a]">WWDGT_IRQHandler</a> from startup_gd32f1x0.o(.text) referenced from startup_gd32f1x0.o(RESET)
 <LI><a href="#[3b]">__main</a> from entry.o(.ARM.Collect$$$$00000000) referenced from startup_gd32f1x0.o(.text)
 <LI><a href="#[3c]">fputc</a> from main.o(i.fputc) referenced from printfa.o(i.__0printf)
 <LI><a href="#[39]">main</a> from main.o(i.main) referenced from entry9a.o(.ARM.Collect$$$$0000000B)
</UL>
<P>
<H3>
Global Symbols
</H3>
<P><STRONG><a name="[3b]"></a>__main</STRONG> (Thumb, 0 bytes, Stack size unknown bytes, entry.o(.ARM.Collect$$$$00000000))
<BR>[Address Reference Count : 1]<UL><LI> startup_gd32f1x0.o(.text)
</UL>
<P><STRONG><a name="[95]"></a>_main_stk</STRONG> (Thumb, 0 bytes, Stack size unknown bytes, entry2.o(.ARM.Collect$$$$00000001))

<P><STRONG><a name="[3e]"></a>_main_scatterload</STRONG> (Thumb, 0 bytes, Stack size unknown bytes, entry5.o(.ARM.Collect$$$$00000004))
<BR><BR>[Calls]<UL><LI><a href="#[3f]">&gt;&gt;</a>&nbsp;&nbsp;&nbsp;__scatterload
</UL>

<P><STRONG><a name="[52]"></a>__main_after_scatterload</STRONG> (Thumb, 0 bytes, Stack size unknown bytes, entry5.o(.ARM.Collect$$$$00000004))
<BR><BR>[Called By]<UL><LI><a href="#[3f]">&gt;&gt;</a>&nbsp;&nbsp;&nbsp;__scatterload
</UL>

<P><STRONG><a name="[96]"></a>_main_clock</STRONG> (Thumb, 0 bytes, Stack size unknown bytes, entry7b.o(.ARM.Collect$$$$00000008))

<P><STRONG><a name="[97]"></a>_main_cpp_init</STRONG> (Thumb, 0 bytes, Stack size unknown bytes, entry8b.o(.ARM.Collect$$$$0000000A))

<P><STRONG><a name="[98]"></a>_main_init</STRONG> (Thumb, 0 bytes, Stack size unknown bytes, entry9a.o(.ARM.Collect$$$$0000000B))

<P><STRONG><a name="[99]"></a>__rt_lib_shutdown_fini</STRONG> (Thumb, 0 bytes, Stack size unknown bytes, entry12b.o(.ARM.Collect$$$$0000000E))

<P><STRONG><a name="[9a]"></a>__rt_final_cpp</STRONG> (Thumb, 0 bytes, Stack size unknown bytes, entry10a.o(.ARM.Collect$$$$0000000F))

<P><STRONG><a name="[9b]"></a>__rt_final_exit</STRONG> (Thumb, 0 bytes, Stack size unknown bytes, entry11a.o(.ARM.Collect$$$$00000011))

<P><STRONG><a name="[3d]"></a>Reset_Handler</STRONG> (Thumb, 8 bytes, Stack size 0 bytes, startup_gd32f1x0.o(.text))

<P><STRONG><a name="[16]"></a>ADC_CMP_IRQHandler</STRONG> (Thumb, 0 bytes, Stack size 0 bytes, startup_gd32f1x0.o(.text))
<BR><BR>[Calls]<UL><LI><a href="#[16]">&gt;&gt;</a>&nbsp;&nbsp;&nbsp;ADC_CMP_IRQHandler
</UL>
<BR>[Called By]<UL><LI><a href="#[16]">&gt;&gt;</a>&nbsp;&nbsp;&nbsp;ADC_CMP_IRQHandler
</UL>
<BR>[Address Reference Count : 1]<UL><LI> startup_gd32f1x0.o(RESET)
</UL>
<P><STRONG><a name="[2f]"></a>CAN0_RX0_IRQHandler</STRONG> (Thumb, 0 bytes, Stack size 0 bytes, startup_gd32f1x0.o(.text))
<BR>[Address Reference Count : 1]<UL><LI> startup_gd32f1x0.o(RESET)
</UL>
<P><STRONG><a name="[30]"></a>CAN0_RX1_IRQHandler</STRONG> (Thumb, 0 bytes, Stack size 0 bytes, startup_gd32f1x0.o(.text))
<BR>[Address Reference Count : 1]<UL><LI> startup_gd32f1x0.o(RESET)
</UL>
<P><STRONG><a name="[31]"></a>CAN0_SCE_IRQHandler</STRONG> (Thumb, 0 bytes, Stack size 0 bytes, startup_gd32f1x0.o(.text))
<BR>[Address Reference Count : 1]<UL><LI> startup_gd32f1x0.o(RESET)
</UL>
<P><STRONG><a name="[2e]"></a>CAN0_TX_IRQHandler</STRONG> (Thumb, 0 bytes, Stack size 0 bytes, startup_gd32f1x0.o(.text))
<BR>[Address Reference Count : 1]<UL><LI> startup_gd32f1x0.o(RESET)
</UL>
<P><STRONG><a name="[36]"></a>CAN1_RX0_IRQHandler</STRONG> (Thumb, 0 bytes, Stack size 0 bytes, startup_gd32f1x0.o(.text))
<BR>[Address Reference Count : 1]<UL><LI> startup_gd32f1x0.o(RESET)
</UL>
<P><STRONG><a name="[37]"></a>CAN1_RX1_IRQHandler</STRONG> (Thumb, 0 bytes, Stack size 0 bytes, startup_gd32f1x0.o(.text))
<BR>[Address Reference Count : 1]<UL><LI> startup_gd32f1x0.o(RESET)
</UL>
<P><STRONG><a name="[38]"></a>CAN1_SCE_IRQHandler</STRONG> (Thumb, 0 bytes, Stack size 0 bytes, startup_gd32f1x0.o(.text))
<BR>[Address Reference Count : 1]<UL><LI> startup_gd32f1x0.o(RESET)
</UL>
<P><STRONG><a name="[35]"></a>CAN1_TX_IRQHandler</STRONG> (Thumb, 0 bytes, Stack size 0 bytes, startup_gd32f1x0.o(.text))
<BR>[Address Reference Count : 1]<UL><LI> startup_gd32f1x0.o(RESET)
</UL>
<P><STRONG><a name="[26]"></a>CEC_IRQHandler</STRONG> (Thumb, 0 bytes, Stack size 0 bytes, startup_gd32f1x0.o(.text))
<BR>[Address Reference Count : 1]<UL><LI> startup_gd32f1x0.o(RESET)
</UL>
<P><STRONG><a name="[13]"></a>DMA_Channel0_IRQHandler</STRONG> (Thumb, 0 bytes, Stack size 0 bytes, startup_gd32f1x0.o(.text))
<BR>[Address Reference Count : 1]<UL><LI> startup_gd32f1x0.o(RESET)
</UL>
<P><STRONG><a name="[14]"></a>DMA_Channel1_2_IRQHandler</STRONG> (Thumb, 0 bytes, Stack size 0 bytes, startup_gd32f1x0.o(.text))
<BR>[Address Reference Count : 1]<UL><LI> startup_gd32f1x0.o(RESET)
</UL>
<P><STRONG><a name="[15]"></a>DMA_Channel3_4_IRQHandler</STRONG> (Thumb, 0 bytes, Stack size 0 bytes, startup_gd32f1x0.o(.text))
<BR>[Address Reference Count : 1]<UL><LI> startup_gd32f1x0.o(RESET)
</UL>
<P><STRONG><a name="[33]"></a>DMA_Channel5_6_IRQHandler</STRONG> (Thumb, 0 bytes, Stack size 0 bytes, startup_gd32f1x0.o(.text))
<BR>[Address Reference Count : 1]<UL><LI> startup_gd32f1x0.o(RESET)
</UL>
<P><STRONG><a name="[f]"></a>EXTI0_1_IRQHandler</STRONG> (Thumb, 0 bytes, Stack size 0 bytes, startup_gd32f1x0.o(.text))
<BR>[Address Reference Count : 1]<UL><LI> startup_gd32f1x0.o(RESET)
</UL>
<P><STRONG><a name="[10]"></a>EXTI2_3_IRQHandler</STRONG> (Thumb, 0 bytes, Stack size 0 bytes, startup_gd32f1x0.o(.text))
<BR>[Address Reference Count : 1]<UL><LI> startup_gd32f1x0.o(RESET)
</UL>
<P><STRONG><a name="[11]"></a>EXTI4_15_IRQHandler</STRONG> (Thumb, 0 bytes, Stack size 0 bytes, startup_gd32f1x0.o(.text))
<BR>[Address Reference Count : 1]<UL><LI> startup_gd32f1x0.o(RESET)
</UL>
<P><STRONG><a name="[d]"></a>FMC_IRQHandler</STRONG> (Thumb, 0 bytes, Stack size 0 bytes, startup_gd32f1x0.o(.text))
<BR>[Address Reference Count : 1]<UL><LI> startup_gd32f1x0.o(RESET)
</UL>
<P><STRONG><a name="[27]"></a>I2C0_ER_IRQHandler</STRONG> (Thumb, 0 bytes, Stack size 0 bytes, startup_gd32f1x0.o(.text))
<BR>[Address Reference Count : 1]<UL><LI> startup_gd32f1x0.o(RESET)
</UL>
<P><STRONG><a name="[20]"></a>I2C0_EV_IRQHandler</STRONG> (Thumb, 0 bytes, Stack size 0 bytes, startup_gd32f1x0.o(.text))
<BR>[Address Reference Count : 1]<UL><LI> startup_gd32f1x0.o(RESET)
</UL>
<P><STRONG><a name="[28]"></a>I2C1_ER_IRQHandler</STRONG> (Thumb, 0 bytes, Stack size 0 bytes, startup_gd32f1x0.o(.text))
<BR>[Address Reference Count : 1]<UL><LI> startup_gd32f1x0.o(RESET)
</UL>
<P><STRONG><a name="[21]"></a>I2C1_EV_IRQHandler</STRONG> (Thumb, 0 bytes, Stack size 0 bytes, startup_gd32f1x0.o(.text))
<BR>[Address Reference Count : 1]<UL><LI> startup_gd32f1x0.o(RESET)
</UL>
<P><STRONG><a name="[2a]"></a>I2C2_ER_IRQHandler</STRONG> (Thumb, 0 bytes, Stack size 0 bytes, startup_gd32f1x0.o(.text))
<BR>[Address Reference Count : 1]<UL><LI> startup_gd32f1x0.o(RESET)
</UL>
<P><STRONG><a name="[29]"></a>I2C2_EV_IRQHandler</STRONG> (Thumb, 0 bytes, Stack size 0 bytes, startup_gd32f1x0.o(.text))
<BR>[Address Reference Count : 1]<UL><LI> startup_gd32f1x0.o(RESET)
</UL>
<P><STRONG><a name="[b]"></a>LVD_IRQHandler</STRONG> (Thumb, 0 bytes, Stack size 0 bytes, startup_gd32f1x0.o(.text))
<BR>[Address Reference Count : 1]<UL><LI> startup_gd32f1x0.o(RESET)
</UL>
<P><STRONG><a name="[e]"></a>RCU_IRQHandler</STRONG> (Thumb, 0 bytes, Stack size 0 bytes, startup_gd32f1x0.o(.text))
<BR>[Address Reference Count : 1]<UL><LI> startup_gd32f1x0.o(RESET)
</UL>
<P><STRONG><a name="[c]"></a>RTC_IRQHandler</STRONG> (Thumb, 0 bytes, Stack size 0 bytes, startup_gd32f1x0.o(.text))
<BR>[Address Reference Count : 1]<UL><LI> startup_gd32f1x0.o(RESET)
</UL>
<P><STRONG><a name="[32]"></a>SLCD_IRQHandler</STRONG> (Thumb, 0 bytes, Stack size 0 bytes, startup_gd32f1x0.o(.text))
<BR>[Address Reference Count : 1]<UL><LI> startup_gd32f1x0.o(RESET)
</UL>
<P><STRONG><a name="[22]"></a>SPI0_IRQHandler</STRONG> (Thumb, 0 bytes, Stack size 0 bytes, startup_gd32f1x0.o(.text))
<BR>[Address Reference Count : 1]<UL><LI> startup_gd32f1x0.o(RESET)
</UL>
<P><STRONG><a name="[23]"></a>SPI1_IRQHandler</STRONG> (Thumb, 0 bytes, Stack size 0 bytes, startup_gd32f1x0.o(.text))
<BR>[Address Reference Count : 1]<UL><LI> startup_gd32f1x0.o(RESET)
</UL>
<P><STRONG><a name="[34]"></a>SPI2_IRQHandler</STRONG> (Thumb, 0 bytes, Stack size 0 bytes, startup_gd32f1x0.o(.text))
<BR>[Address Reference Count : 1]<UL><LI> startup_gd32f1x0.o(RESET)
</UL>
<P><STRONG><a name="[17]"></a>TIMER0_BRK_UP_TRG_COM_IRQHandler</STRONG> (Thumb, 0 bytes, Stack size 0 bytes, startup_gd32f1x0.o(.text))
<BR>[Address Reference Count : 1]<UL><LI> startup_gd32f1x0.o(RESET)
</UL>
<P><STRONG><a name="[18]"></a>TIMER0_Channel_IRQHandler</STRONG> (Thumb, 0 bytes, Stack size 0 bytes, startup_gd32f1x0.o(.text))
<BR>[Address Reference Count : 1]<UL><LI> startup_gd32f1x0.o(RESET)
</UL>
<P><STRONG><a name="[1c]"></a>TIMER13_IRQHandler</STRONG> (Thumb, 0 bytes, Stack size 0 bytes, startup_gd32f1x0.o(.text))
<BR>[Address Reference Count : 1]<UL><LI> startup_gd32f1x0.o(RESET)
</UL>
<P><STRONG><a name="[1d]"></a>TIMER14_IRQHandler</STRONG> (Thumb, 0 bytes, Stack size 0 bytes, startup_gd32f1x0.o(.text))
<BR>[Address Reference Count : 1]<UL><LI> startup_gd32f1x0.o(RESET)
</UL>
<P><STRONG><a name="[1e]"></a>TIMER15_IRQHandler</STRONG> (Thumb, 0 bytes, Stack size 0 bytes, startup_gd32f1x0.o(.text))
<BR>[Address Reference Count : 1]<UL><LI> startup_gd32f1x0.o(RESET)
</UL>
<P><STRONG><a name="[1f]"></a>TIMER16_IRQHandler</STRONG> (Thumb, 0 bytes, Stack size 0 bytes, startup_gd32f1x0.o(.text))
<BR>[Address Reference Count : 1]<UL><LI> startup_gd32f1x0.o(RESET)
</UL>
<P><STRONG><a name="[19]"></a>TIMER1_IRQHandler</STRONG> (Thumb, 0 bytes, Stack size 0 bytes, startup_gd32f1x0.o(.text))
<BR>[Address Reference Count : 1]<UL><LI> startup_gd32f1x0.o(RESET)
</UL>
<P><STRONG><a name="[1a]"></a>TIMER2_IRQHandler</STRONG> (Thumb, 0 bytes, Stack size 0 bytes, startup_gd32f1x0.o(.text))
<BR>[Address Reference Count : 1]<UL><LI> startup_gd32f1x0.o(RESET)
</UL>
<P><STRONG><a name="[1b]"></a>TIMER5_DAC_IRQHandler</STRONG> (Thumb, 0 bytes, Stack size 0 bytes, startup_gd32f1x0.o(.text))
<BR>[Address Reference Count : 1]<UL><LI> startup_gd32f1x0.o(RESET)
</UL>
<P><STRONG><a name="[12]"></a>TSI_IRQHandler</STRONG> (Thumb, 0 bytes, Stack size 0 bytes, startup_gd32f1x0.o(.text))
<BR>[Address Reference Count : 1]<UL><LI> startup_gd32f1x0.o(RESET)
</UL>
<P><STRONG><a name="[24]"></a>USART0_IRQHandler</STRONG> (Thumb, 0 bytes, Stack size 0 bytes, startup_gd32f1x0.o(.text))
<BR>[Address Reference Count : 1]<UL><LI> startup_gd32f1x0.o(RESET)
</UL>
<P><STRONG><a name="[25]"></a>USART1_IRQHandler</STRONG> (Thumb, 0 bytes, Stack size 0 bytes, startup_gd32f1x0.o(.text))
<BR>[Address Reference Count : 1]<UL><LI> startup_gd32f1x0.o(RESET)
</UL>
<P><STRONG><a name="[2d]"></a>USBDWakeUp_IRQHandler</STRONG> (Thumb, 0 bytes, Stack size 0 bytes, startup_gd32f1x0.o(.text))
<BR>[Address Reference Count : 1]<UL><LI> startup_gd32f1x0.o(RESET)
</UL>
<P><STRONG><a name="[2c]"></a>USBD_HP_IRQHandler</STRONG> (Thumb, 0 bytes, Stack size 0 bytes, startup_gd32f1x0.o(.text))
<BR>[Address Reference Count : 1]<UL><LI> startup_gd32f1x0.o(RESET)
</UL>
<P><STRONG><a name="[2b]"></a>USBD_LP_IRQHandler</STRONG> (Thumb, 0 bytes, Stack size 0 bytes, startup_gd32f1x0.o(.text))
<BR>[Address Reference Count : 1]<UL><LI> startup_gd32f1x0.o(RESET)
</UL>
<P><STRONG><a name="[a]"></a>WWDGT_IRQHandler</STRONG> (Thumb, 0 bytes, Stack size 0 bytes, startup_gd32f1x0.o(.text))
<BR>[Address Reference Count : 1]<UL><LI> startup_gd32f1x0.o(RESET)
</UL>
<P><STRONG><a name="[40]"></a>__aeabi_fdiv</STRONG> (Thumb, 124 bytes, Stack size 8 bytes, fdiv.o(.text))
<BR><BR>[Stack]<UL><LI>Max Depth = 8<LI>Call Chain = __aeabi_fdiv
</UL>
<BR>[Calls]<UL><LI><a href="#[41]">&gt;&gt;</a>&nbsp;&nbsp;&nbsp;_float_round
</UL>
<BR>[Called By]<UL><LI><a href="#[39]">&gt;&gt;</a>&nbsp;&nbsp;&nbsp;main
</UL>

<P><STRONG><a name="[42]"></a>__aeabi_dmul</STRONG> (Thumb, 228 bytes, Stack size 48 bytes, dmul.o(.text))
<BR><BR>[Stack]<UL><LI>Max Depth = 88<LI>Call Chain = __aeabi_dmul &rArr; _double_epilogue &rArr; _double_round
</UL>
<BR>[Calls]<UL><LI><a href="#[43]">&gt;&gt;</a>&nbsp;&nbsp;&nbsp;_double_epilogue
</UL>
<BR>[Called By]<UL><LI><a href="#[73]">&gt;&gt;</a>&nbsp;&nbsp;&nbsp;DAC_voltage_output
<LI><a href="#[39]">&gt;&gt;</a>&nbsp;&nbsp;&nbsp;main
<LI><a href="#[83]">&gt;&gt;</a>&nbsp;&nbsp;&nbsp;_fp_digits
</UL>

<P><STRONG><a name="[44]"></a>__aeabi_ddiv</STRONG> (Thumb, 222 bytes, Stack size 32 bytes, ddiv.o(.text))
<BR><BR>[Stack]<UL><LI>Max Depth = 40<LI>Call Chain = __aeabi_ddiv &rArr; _double_round
</UL>
<BR>[Calls]<UL><LI><a href="#[45]">&gt;&gt;</a>&nbsp;&nbsp;&nbsp;_double_round
</UL>
<BR>[Called By]<UL><LI><a href="#[73]">&gt;&gt;</a>&nbsp;&nbsp;&nbsp;DAC_voltage_output
<LI><a href="#[83]">&gt;&gt;</a>&nbsp;&nbsp;&nbsp;_fp_digits
</UL>

<P><STRONG><a name="[46]"></a>__aeabi_ui2f</STRONG> (Thumb, 10 bytes, Stack size 0 bytes, ffltui.o(.text))
<BR><BR>[Stack]<UL><LI>Max Depth = 4<LI>Call Chain = __aeabi_ui2f &rArr; _float_epilogue
</UL>
<BR>[Calls]<UL><LI><a href="#[47]">&gt;&gt;</a>&nbsp;&nbsp;&nbsp;_float_epilogue
</UL>
<BR>[Called By]<UL><LI><a href="#[39]">&gt;&gt;</a>&nbsp;&nbsp;&nbsp;main
</UL>

<P><STRONG><a name="[48]"></a>__aeabi_d2uiz</STRONG> (Thumb, 50 bytes, Stack size 8 bytes, dfixui.o(.text))
<BR><BR>[Stack]<UL><LI>Max Depth = 8<LI>Call Chain = __aeabi_d2uiz
</UL>
<BR>[Calls]<UL><LI><a href="#[49]">&gt;&gt;</a>&nbsp;&nbsp;&nbsp;__aeabi_llsr
</UL>
<BR>[Called By]<UL><LI><a href="#[73]">&gt;&gt;</a>&nbsp;&nbsp;&nbsp;DAC_voltage_output
</UL>

<P><STRONG><a name="[74]"></a>__aeabi_f2d</STRONG> (Thumb, 38 bytes, Stack size 0 bytes, f2d.o(.text))
<BR><BR>[Called By]<UL><LI><a href="#[73]">&gt;&gt;</a>&nbsp;&nbsp;&nbsp;DAC_voltage_output
<LI><a href="#[39]">&gt;&gt;</a>&nbsp;&nbsp;&nbsp;main
</UL>

<P><STRONG><a name="[4a]"></a>__aeabi_d2f</STRONG> (Thumb, 56 bytes, Stack size 8 bytes, d2f.o(.text))
<BR><BR>[Stack]<UL><LI>Max Depth = 8<LI>Call Chain = __aeabi_d2f
</UL>
<BR>[Calls]<UL><LI><a href="#[41]">&gt;&gt;</a>&nbsp;&nbsp;&nbsp;_float_round
</UL>
<BR>[Called By]<UL><LI><a href="#[39]">&gt;&gt;</a>&nbsp;&nbsp;&nbsp;main
</UL>

<P><STRONG><a name="[9c]"></a>__aeabi_uidiv</STRONG> (Thumb, 0 bytes, Stack size 12 bytes, uidiv.o(.text), UNUSED)

<P><STRONG><a name="[87]"></a>__aeabi_uidivmod</STRONG> (Thumb, 44 bytes, Stack size 12 bytes, uidiv.o(.text), UNUSED)
<BR><BR>[Called By]<UL><LI><a href="#[82]">&gt;&gt;</a>&nbsp;&nbsp;&nbsp;_printf_core
</UL>

<P><STRONG><a name="[4b]"></a>__aeabi_uldivmod</STRONG> (Thumb, 98 bytes, Stack size 40 bytes, uldiv.o(.text), UNUSED)
<BR><BR>[Calls]<UL><LI><a href="#[4c]">&gt;&gt;</a>&nbsp;&nbsp;&nbsp;__aeabi_llsl
<LI><a href="#[49]">&gt;&gt;</a>&nbsp;&nbsp;&nbsp;__aeabi_llsr
</UL>
<BR>[Called By]<UL><LI><a href="#[82]">&gt;&gt;</a>&nbsp;&nbsp;&nbsp;_printf_core
<LI><a href="#[83]">&gt;&gt;</a>&nbsp;&nbsp;&nbsp;_fp_digits
</UL>

<P><STRONG><a name="[49]"></a>__aeabi_llsr</STRONG> (Thumb, 32 bytes, Stack size 0 bytes, llushr.o(.text))
<BR><BR>[Called By]<UL><LI><a href="#[48]">&gt;&gt;</a>&nbsp;&nbsp;&nbsp;__aeabi_d2uiz
<LI><a href="#[4b]">&gt;&gt;</a>&nbsp;&nbsp;&nbsp;__aeabi_uldivmod
<LI><a href="#[43]">&gt;&gt;</a>&nbsp;&nbsp;&nbsp;_double_epilogue
<LI><a href="#[51]">&gt;&gt;</a>&nbsp;&nbsp;&nbsp;__aeabi_d2ulz
</UL>

<P><STRONG><a name="[9d]"></a>_ll_ushift_r</STRONG> (Thumb, 0 bytes, Stack size 0 bytes, llushr.o(.text), UNUSED)

<P><STRONG><a name="[9e]"></a>__I$use$fp</STRONG> (Thumb, 0 bytes, Stack size 0 bytes, iusefp.o(.text), UNUSED)

<P><STRONG><a name="[41]"></a>_float_round</STRONG> (Thumb, 18 bytes, Stack size 0 bytes, fepilogue.o(.text))
<BR><BR>[Called By]<UL><LI><a href="#[40]">&gt;&gt;</a>&nbsp;&nbsp;&nbsp;__aeabi_fdiv
<LI><a href="#[4a]">&gt;&gt;</a>&nbsp;&nbsp;&nbsp;__aeabi_d2f
</UL>

<P><STRONG><a name="[47]"></a>_float_epilogue</STRONG> (Thumb, 92 bytes, Stack size 4 bytes, fepilogue.o(.text))
<BR><BR>[Stack]<UL><LI>Max Depth = 4<LI>Call Chain = _float_epilogue
</UL>
<BR>[Called By]<UL><LI><a href="#[46]">&gt;&gt;</a>&nbsp;&nbsp;&nbsp;__aeabi_ui2f
</UL>

<P><STRONG><a name="[45]"></a>_double_round</STRONG> (Thumb, 30 bytes, Stack size 8 bytes, depilogue.o(.text))
<BR><BR>[Stack]<UL><LI>Max Depth = 8<LI>Call Chain = _double_round
</UL>
<BR>[Called By]<UL><LI><a href="#[44]">&gt;&gt;</a>&nbsp;&nbsp;&nbsp;__aeabi_ddiv
<LI><a href="#[43]">&gt;&gt;</a>&nbsp;&nbsp;&nbsp;_double_epilogue
<LI><a href="#[4d]">&gt;&gt;</a>&nbsp;&nbsp;&nbsp;__aeabi_dadd
</UL>

<P><STRONG><a name="[43]"></a>_double_epilogue</STRONG> (Thumb, 156 bytes, Stack size 32 bytes, depilogue.o(.text))
<BR><BR>[Stack]<UL><LI>Max Depth = 40<LI>Call Chain = _double_epilogue &rArr; _double_round
</UL>
<BR>[Calls]<UL><LI><a href="#[4c]">&gt;&gt;</a>&nbsp;&nbsp;&nbsp;__aeabi_llsl
<LI><a href="#[49]">&gt;&gt;</a>&nbsp;&nbsp;&nbsp;__aeabi_llsr
<LI><a href="#[45]">&gt;&gt;</a>&nbsp;&nbsp;&nbsp;_double_round
</UL>
<BR>[Called By]<UL><LI><a href="#[42]">&gt;&gt;</a>&nbsp;&nbsp;&nbsp;__aeabi_dmul
<LI><a href="#[4d]">&gt;&gt;</a>&nbsp;&nbsp;&nbsp;__aeabi_dadd
</UL>

<P><STRONG><a name="[4d]"></a>__aeabi_dadd</STRONG> (Thumb, 322 bytes, Stack size 48 bytes, dadd.o(.text), UNUSED)
<BR><BR>[Calls]<UL><LI><a href="#[4e]">&gt;&gt;</a>&nbsp;&nbsp;&nbsp;__aeabi_lasr
<LI><a href="#[4c]">&gt;&gt;</a>&nbsp;&nbsp;&nbsp;__aeabi_llsl
<LI><a href="#[45]">&gt;&gt;</a>&nbsp;&nbsp;&nbsp;_double_round
<LI><a href="#[43]">&gt;&gt;</a>&nbsp;&nbsp;&nbsp;_double_epilogue
</UL>
<BR>[Called By]<UL><LI><a href="#[50]">&gt;&gt;</a>&nbsp;&nbsp;&nbsp;__aeabi_drsub
<LI><a href="#[4f]">&gt;&gt;</a>&nbsp;&nbsp;&nbsp;__aeabi_dsub
<LI><a href="#[83]">&gt;&gt;</a>&nbsp;&nbsp;&nbsp;_fp_digits
</UL>

<P><STRONG><a name="[4f]"></a>__aeabi_dsub</STRONG> (Thumb, 6 bytes, Stack size 0 bytes, dadd.o(.text), UNUSED)
<BR><BR>[Calls]<UL><LI><a href="#[4d]">&gt;&gt;</a>&nbsp;&nbsp;&nbsp;__aeabi_dadd
</UL>

<P><STRONG><a name="[50]"></a>__aeabi_drsub</STRONG> (Thumb, 6 bytes, Stack size 0 bytes, dadd.o(.text), UNUSED)
<BR><BR>[Calls]<UL><LI><a href="#[4d]">&gt;&gt;</a>&nbsp;&nbsp;&nbsp;__aeabi_dadd
</UL>

<P><STRONG><a name="[51]"></a>__aeabi_d2ulz</STRONG> (Thumb, 48 bytes, Stack size 0 bytes, dfixul.o(.text), UNUSED)
<BR><BR>[Calls]<UL><LI><a href="#[4c]">&gt;&gt;</a>&nbsp;&nbsp;&nbsp;__aeabi_llsl
<LI><a href="#[49]">&gt;&gt;</a>&nbsp;&nbsp;&nbsp;__aeabi_llsr
</UL>
<BR>[Called By]<UL><LI><a href="#[83]">&gt;&gt;</a>&nbsp;&nbsp;&nbsp;_fp_digits
</UL>

<P><STRONG><a name="[84]"></a>__aeabi_cdrcmple</STRONG> (Thumb, 48 bytes, Stack size 0 bytes, cdrcmple.o(.text), UNUSED)
<BR><BR>[Called By]<UL><LI><a href="#[83]">&gt;&gt;</a>&nbsp;&nbsp;&nbsp;_fp_digits
</UL>

<P><STRONG><a name="[3f]"></a>__scatterload</STRONG> (Thumb, 28 bytes, Stack size 0 bytes, init.o(.text))
<BR><BR>[Calls]<UL><LI><a href="#[52]">&gt;&gt;</a>&nbsp;&nbsp;&nbsp;__main_after_scatterload
</UL>
<BR>[Called By]<UL><LI><a href="#[3e]">&gt;&gt;</a>&nbsp;&nbsp;&nbsp;_main_scatterload
</UL>

<P><STRONG><a name="[9f]"></a>__scatterload_rt2</STRONG> (Thumb, 0 bytes, Stack size 0 bytes, init.o(.text), UNUSED)

<P><STRONG><a name="[4c]"></a>__aeabi_llsl</STRONG> (Thumb, 30 bytes, Stack size 0 bytes, llshl.o(.text))
<BR><BR>[Called By]<UL><LI><a href="#[4b]">&gt;&gt;</a>&nbsp;&nbsp;&nbsp;__aeabi_uldivmod
<LI><a href="#[43]">&gt;&gt;</a>&nbsp;&nbsp;&nbsp;_double_epilogue
<LI><a href="#[4d]">&gt;&gt;</a>&nbsp;&nbsp;&nbsp;__aeabi_dadd
<LI><a href="#[51]">&gt;&gt;</a>&nbsp;&nbsp;&nbsp;__aeabi_d2ulz
</UL>

<P><STRONG><a name="[a0]"></a>_ll_shift_l</STRONG> (Thumb, 0 bytes, Stack size 0 bytes, llshl.o(.text), UNUSED)

<P><STRONG><a name="[4e]"></a>__aeabi_lasr</STRONG> (Thumb, 36 bytes, Stack size 0 bytes, llsshr.o(.text), UNUSED)
<BR><BR>[Called By]<UL><LI><a href="#[4d]">&gt;&gt;</a>&nbsp;&nbsp;&nbsp;__aeabi_dadd
</UL>

<P><STRONG><a name="[a1]"></a>_ll_sshift_r</STRONG> (Thumb, 0 bytes, Stack size 0 bytes, llsshr.o(.text), UNUSED)

<P><STRONG><a name="[53]"></a>ADC_Config</STRONG> (Thumb, 128 bytes, Stack size 8 bytes, adc.o(i.ADC_Config))
<BR><BR>[Stack]<UL><LI>Max Depth = 28<LI>Call Chain = ADC_Config &rArr; gpio_mode_set
</UL>
<BR>[Calls]<UL><LI><a href="#[58]">&gt;&gt;</a>&nbsp;&nbsp;&nbsp;adc_regular_channel_config
<LI><a href="#[5a]">&gt;&gt;</a>&nbsp;&nbsp;&nbsp;adc_external_trigger_source_config
<LI><a href="#[59]">&gt;&gt;</a>&nbsp;&nbsp;&nbsp;adc_external_trigger_config
<LI><a href="#[5d]">&gt;&gt;</a>&nbsp;&nbsp;&nbsp;adc_enable
<LI><a href="#[5c]">&gt;&gt;</a>&nbsp;&nbsp;&nbsp;adc_discontinuous_mode_config
<LI><a href="#[5b]">&gt;&gt;</a>&nbsp;&nbsp;&nbsp;adc_data_alignment_config
<LI><a href="#[57]">&gt;&gt;</a>&nbsp;&nbsp;&nbsp;adc_channel_length_config
<LI><a href="#[5e]">&gt;&gt;</a>&nbsp;&nbsp;&nbsp;adc_calibration_enable
<LI><a href="#[54]">&gt;&gt;</a>&nbsp;&nbsp;&nbsp;rcu_periph_clock_enable
<LI><a href="#[55]">&gt;&gt;</a>&nbsp;&nbsp;&nbsp;rcu_adc_clock_config
<LI><a href="#[56]">&gt;&gt;</a>&nbsp;&nbsp;&nbsp;gpio_mode_set
</UL>
<BR>[Called By]<UL><LI><a href="#[39]">&gt;&gt;</a>&nbsp;&nbsp;&nbsp;main
</UL>

<P><STRONG><a name="[5f]"></a>ADC_DMA_Config</STRONG> (Thumb, 108 bytes, Stack size 8 bytes, adc.o(i.ADC_DMA_Config))
<BR><BR>[Stack]<UL><LI>Max Depth = 16<LI>Call Chain = ADC_DMA_Config &rArr; dma_transfer_direction_config
</UL>
<BR>[Calls]<UL><LI><a href="#[6c]">&gt;&gt;</a>&nbsp;&nbsp;&nbsp;adc_dma_mode_enable
<LI><a href="#[67]">&gt;&gt;</a>&nbsp;&nbsp;&nbsp;dma_transfer_number_config
<LI><a href="#[63]">&gt;&gt;</a>&nbsp;&nbsp;&nbsp;dma_transfer_direction_config
<LI><a href="#[66]">&gt;&gt;</a>&nbsp;&nbsp;&nbsp;dma_priority_config
<LI><a href="#[65]">&gt;&gt;</a>&nbsp;&nbsp;&nbsp;dma_periph_width_config
<LI><a href="#[68]">&gt;&gt;</a>&nbsp;&nbsp;&nbsp;dma_periph_increase_disable
<LI><a href="#[61]">&gt;&gt;</a>&nbsp;&nbsp;&nbsp;dma_periph_address_config
<LI><a href="#[64]">&gt;&gt;</a>&nbsp;&nbsp;&nbsp;dma_memory_width_config
<LI><a href="#[69]">&gt;&gt;</a>&nbsp;&nbsp;&nbsp;dma_memory_increase_enable
<LI><a href="#[62]">&gt;&gt;</a>&nbsp;&nbsp;&nbsp;dma_memory_address_config
<LI><a href="#[60]">&gt;&gt;</a>&nbsp;&nbsp;&nbsp;dma_deinit
<LI><a href="#[6a]">&gt;&gt;</a>&nbsp;&nbsp;&nbsp;dma_circulation_enable
<LI><a href="#[6b]">&gt;&gt;</a>&nbsp;&nbsp;&nbsp;dma_channel_enable
<LI><a href="#[54]">&gt;&gt;</a>&nbsp;&nbsp;&nbsp;rcu_periph_clock_enable
</UL>
<BR>[Called By]<UL><LI><a href="#[39]">&gt;&gt;</a>&nbsp;&nbsp;&nbsp;main
</UL>

<P><STRONG><a name="[4]"></a>BusFault_Handler</STRONG> (Thumb, 4 bytes, Stack size 0 bytes, gd32f1x0_it.o(i.BusFault_Handler))
<BR>[Address Reference Count : 1]<UL><LI> startup_gd32f1x0.o(RESET)
</UL>
<P><STRONG><a name="[6d]"></a>DAC_Config</STRONG> (Thumb, 60 bytes, Stack size 8 bytes, dac.o(i.DAC_Config))
<BR><BR>[Stack]<UL><LI>Max Depth = 28<LI>Call Chain = DAC_Config &rArr; gpio_mode_set
</UL>
<BR>[Calls]<UL><LI><a href="#[6e]">&gt;&gt;</a>&nbsp;&nbsp;&nbsp;dac0_trigger_source_config
<LI><a href="#[72]">&gt;&gt;</a>&nbsp;&nbsp;&nbsp;dac0_software_trigger_enable
<LI><a href="#[6f]">&gt;&gt;</a>&nbsp;&nbsp;&nbsp;dac0_output_buffer_disable
<LI><a href="#[71]">&gt;&gt;</a>&nbsp;&nbsp;&nbsp;dac0_enable
<LI><a href="#[70]">&gt;&gt;</a>&nbsp;&nbsp;&nbsp;dac0_data_set
<LI><a href="#[54]">&gt;&gt;</a>&nbsp;&nbsp;&nbsp;rcu_periph_clock_enable
<LI><a href="#[56]">&gt;&gt;</a>&nbsp;&nbsp;&nbsp;gpio_mode_set
</UL>
<BR>[Called By]<UL><LI><a href="#[39]">&gt;&gt;</a>&nbsp;&nbsp;&nbsp;main
</UL>

<P><STRONG><a name="[73]"></a>DAC_voltage_output</STRONG> (Thumb, 56 bytes, Stack size 40 bytes, dac.o(i.DAC_voltage_output))
<BR><BR>[Stack]<UL><LI>Max Depth = 128<LI>Call Chain = DAC_voltage_output &rArr; __aeabi_dmul &rArr; _double_epilogue &rArr; _double_round
</UL>
<BR>[Calls]<UL><LI><a href="#[74]">&gt;&gt;</a>&nbsp;&nbsp;&nbsp;__aeabi_f2d
<LI><a href="#[42]">&gt;&gt;</a>&nbsp;&nbsp;&nbsp;__aeabi_dmul
<LI><a href="#[70]">&gt;&gt;</a>&nbsp;&nbsp;&nbsp;dac0_data_set
<LI><a href="#[44]">&gt;&gt;</a>&nbsp;&nbsp;&nbsp;__aeabi_ddiv
<LI><a href="#[48]">&gt;&gt;</a>&nbsp;&nbsp;&nbsp;__aeabi_d2uiz
</UL>
<BR>[Called By]<UL><LI><a href="#[39]">&gt;&gt;</a>&nbsp;&nbsp;&nbsp;main
</UL>

<P><STRONG><a name="[7]"></a>DebugMon_Handler</STRONG> (Thumb, 2 bytes, Stack size 0 bytes, gd32f1x0_it.o(i.DebugMon_Handler))
<BR>[Address Reference Count : 1]<UL><LI> startup_gd32f1x0.o(RESET)
</UL>
<P><STRONG><a name="[8b]"></a>Get_JTAG_ID</STRONG> (Thumb, 52 bytes, Stack size 0 bytes, main.o(i.Get_JTAG_ID))
<BR><BR>[Called By]<UL><LI><a href="#[39]">&gt;&gt;</a>&nbsp;&nbsp;&nbsp;main
</UL>

<P><STRONG><a name="[2]"></a>HardFault_Handler</STRONG> (Thumb, 4 bytes, Stack size 0 bytes, gd32f1x0_it.o(i.HardFault_Handler))
<BR>[Address Reference Count : 1]<UL><LI> startup_gd32f1x0.o(RESET)
</UL>
<P><STRONG><a name="[75]"></a>LED_Init</STRONG> (Thumb, 90 bytes, Stack size 8 bytes, led.o(i.LED_Init))
<BR><BR>[Stack]<UL><LI>Max Depth = 28<LI>Call Chain = LED_Init &rArr; gpio_output_options_set
</UL>
<BR>[Calls]<UL><LI><a href="#[54]">&gt;&gt;</a>&nbsp;&nbsp;&nbsp;rcu_periph_clock_enable
<LI><a href="#[76]">&gt;&gt;</a>&nbsp;&nbsp;&nbsp;gpio_output_options_set
<LI><a href="#[56]">&gt;&gt;</a>&nbsp;&nbsp;&nbsp;gpio_mode_set
<LI><a href="#[77]">&gt;&gt;</a>&nbsp;&nbsp;&nbsp;gpio_bit_set
</UL>
<BR>[Called By]<UL><LI><a href="#[39]">&gt;&gt;</a>&nbsp;&nbsp;&nbsp;main
</UL>

<P><STRONG><a name="[3]"></a>MemManage_Handler</STRONG> (Thumb, 4 bytes, Stack size 0 bytes, gd32f1x0_it.o(i.MemManage_Handler))
<BR>[Address Reference Count : 1]<UL><LI> startup_gd32f1x0.o(RESET)
</UL>
<P><STRONG><a name="[1]"></a>NMI_Handler</STRONG> (Thumb, 2 bytes, Stack size 0 bytes, gd32f1x0_it.o(i.NMI_Handler))
<BR>[Address Reference Count : 1]<UL><LI> startup_gd32f1x0.o(RESET)
</UL>
<P><STRONG><a name="[8]"></a>PendSV_Handler</STRONG> (Thumb, 2 bytes, Stack size 0 bytes, gd32f1x0_it.o(i.PendSV_Handler))
<BR>[Address Reference Count : 1]<UL><LI> startup_gd32f1x0.o(RESET)
</UL>
<P><STRONG><a name="[6]"></a>SVC_Handler</STRONG> (Thumb, 2 bytes, Stack size 0 bytes, gd32f1x0_it.o(i.SVC_Handler))
<BR>[Address Reference Count : 1]<UL><LI> startup_gd32f1x0.o(RESET)
</UL>
<P><STRONG><a name="[9]"></a>SysTick_Handler</STRONG> (Thumb, 8 bytes, Stack size 8 bytes, gd32f1x0_it.o(i.SysTick_Handler))
<BR><BR>[Stack]<UL><LI>Max Depth = 8<LI>Call Chain = SysTick_Handler
</UL>
<BR>[Calls]<UL><LI><a href="#[78]">&gt;&gt;</a>&nbsp;&nbsp;&nbsp;delay_decrement
</UL>
<BR>[Address Reference Count : 1]<UL><LI> startup_gd32f1x0.o(RESET)
</UL>
<P><STRONG><a name="[3a]"></a>SystemInit</STRONG> (Thumb, 118 bytes, Stack size 8 bytes, system_gd32f1x0.o(i.SystemInit))
<BR><BR>[Stack]<UL><LI>Max Depth = 16<LI>Call Chain = SystemInit &rArr; system_clock_config
</UL>
<BR>[Calls]<UL><LI><a href="#[79]">&gt;&gt;</a>&nbsp;&nbsp;&nbsp;system_clock_config
</UL>
<BR>[Address Reference Count : 1]<UL><LI> startup_gd32f1x0.o(.text)
</UL>
<P><STRONG><a name="[7a]"></a>USART0_Init</STRONG> (Thumb, 150 bytes, Stack size 8 bytes, usart.o(i.USART0_Init))
<BR><BR>[Stack]<UL><LI>Max Depth = 136<LI>Call Chain = USART0_Init &rArr; usart_baudrate_set &rArr; rcu_clock_freq_get
</UL>
<BR>[Calls]<UL><LI><a href="#[54]">&gt;&gt;</a>&nbsp;&nbsp;&nbsp;rcu_periph_clock_enable
<LI><a href="#[76]">&gt;&gt;</a>&nbsp;&nbsp;&nbsp;gpio_output_options_set
<LI><a href="#[56]">&gt;&gt;</a>&nbsp;&nbsp;&nbsp;gpio_mode_set
<LI><a href="#[7b]">&gt;&gt;</a>&nbsp;&nbsp;&nbsp;gpio_af_set
<LI><a href="#[7e]">&gt;&gt;</a>&nbsp;&nbsp;&nbsp;usart_transmit_config
<LI><a href="#[7f]">&gt;&gt;</a>&nbsp;&nbsp;&nbsp;usart_receive_config
<LI><a href="#[80]">&gt;&gt;</a>&nbsp;&nbsp;&nbsp;usart_enable
<LI><a href="#[7c]">&gt;&gt;</a>&nbsp;&nbsp;&nbsp;usart_deinit
<LI><a href="#[7d]">&gt;&gt;</a>&nbsp;&nbsp;&nbsp;usart_baudrate_set
</UL>
<BR>[Called By]<UL><LI><a href="#[39]">&gt;&gt;</a>&nbsp;&nbsp;&nbsp;main
</UL>

<P><STRONG><a name="[5]"></a>UsageFault_Handler</STRONG> (Thumb, 4 bytes, Stack size 0 bytes, gd32f1x0_it.o(i.UsageFault_Handler))
<BR>[Address Reference Count : 1]<UL><LI> startup_gd32f1x0.o(RESET)
</UL>
<P><STRONG><a name="[81]"></a>__0printf</STRONG> (Thumb, 22 bytes, Stack size 24 bytes, printfa.o(i.__0printf), UNUSED)
<BR><BR>[Calls]<UL><LI><a href="#[82]">&gt;&gt;</a>&nbsp;&nbsp;&nbsp;_printf_core
</UL>

<P><STRONG><a name="[a2]"></a>__1printf</STRONG> (Thumb, 0 bytes, Stack size 24 bytes, printfa.o(i.__0printf), UNUSED)

<P><STRONG><a name="[8c]"></a>__2printf</STRONG> (Thumb, 0 bytes, Stack size 24 bytes, printfa.o(i.__0printf))
<BR><BR>[Stack]<UL><LI>Max Depth = 24<LI>Call Chain = __2printf
</UL>
<BR>[Called By]<UL><LI><a href="#[39]">&gt;&gt;</a>&nbsp;&nbsp;&nbsp;main
</UL>

<P><STRONG><a name="[a3]"></a>__c89printf</STRONG> (Thumb, 0 bytes, Stack size 24 bytes, printfa.o(i.__0printf), UNUSED)

<P><STRONG><a name="[a4]"></a>printf</STRONG> (Thumb, 0 bytes, Stack size 24 bytes, printfa.o(i.__0printf), UNUSED)

<P><STRONG><a name="[a5]"></a>__scatterload_copy</STRONG> (Thumb, 14 bytes, Stack size unknown bytes, handlers.o(i.__scatterload_copy), UNUSED)

<P><STRONG><a name="[a6]"></a>__scatterload_null</STRONG> (Thumb, 2 bytes, Stack size unknown bytes, handlers.o(i.__scatterload_null), UNUSED)

<P><STRONG><a name="[a7]"></a>__scatterload_zeroinit</STRONG> (Thumb, 14 bytes, Stack size unknown bytes, handlers.o(i.__scatterload_zeroinit), UNUSED)

<P><STRONG><a name="[5e]"></a>adc_calibration_enable</STRONG> (Thumb, 54 bytes, Stack size 0 bytes, gd32f1x0_adc.o(i.adc_calibration_enable))
<BR><BR>[Called By]<UL><LI><a href="#[53]">&gt;&gt;</a>&nbsp;&nbsp;&nbsp;ADC_Config
</UL>

<P><STRONG><a name="[57]"></a>adc_channel_length_config</STRONG> (Thumb, 82 bytes, Stack size 0 bytes, gd32f1x0_adc.o(i.adc_channel_length_config))
<BR><BR>[Called By]<UL><LI><a href="#[53]">&gt;&gt;</a>&nbsp;&nbsp;&nbsp;ADC_Config
</UL>

<P><STRONG><a name="[5b]"></a>adc_data_alignment_config</STRONG> (Thumb, 30 bytes, Stack size 0 bytes, gd32f1x0_adc.o(i.adc_data_alignment_config))
<BR><BR>[Called By]<UL><LI><a href="#[53]">&gt;&gt;</a>&nbsp;&nbsp;&nbsp;ADC_Config
</UL>

<P><STRONG><a name="[5c]"></a>adc_discontinuous_mode_config</STRONG> (Thumb, 80 bytes, Stack size 0 bytes, gd32f1x0_adc.o(i.adc_discontinuous_mode_config))
<BR><BR>[Called By]<UL><LI><a href="#[53]">&gt;&gt;</a>&nbsp;&nbsp;&nbsp;ADC_Config
</UL>

<P><STRONG><a name="[6c]"></a>adc_dma_mode_enable</STRONG> (Thumb, 14 bytes, Stack size 0 bytes, gd32f1x0_adc.o(i.adc_dma_mode_enable))
<BR><BR>[Called By]<UL><LI><a href="#[5f]">&gt;&gt;</a>&nbsp;&nbsp;&nbsp;ADC_DMA_Config
</UL>

<P><STRONG><a name="[5d]"></a>adc_enable</STRONG> (Thumb, 24 bytes, Stack size 0 bytes, gd32f1x0_adc.o(i.adc_enable))
<BR><BR>[Called By]<UL><LI><a href="#[53]">&gt;&gt;</a>&nbsp;&nbsp;&nbsp;ADC_Config
</UL>

<P><STRONG><a name="[59]"></a>adc_external_trigger_config</STRONG> (Thumb, 78 bytes, Stack size 0 bytes, gd32f1x0_adc.o(i.adc_external_trigger_config))
<BR><BR>[Called By]<UL><LI><a href="#[53]">&gt;&gt;</a>&nbsp;&nbsp;&nbsp;ADC_Config
</UL>

<P><STRONG><a name="[5a]"></a>adc_external_trigger_source_config</STRONG> (Thumb, 60 bytes, Stack size 0 bytes, gd32f1x0_adc.o(i.adc_external_trigger_source_config))
<BR><BR>[Called By]<UL><LI><a href="#[53]">&gt;&gt;</a>&nbsp;&nbsp;&nbsp;ADC_Config
</UL>

<P><STRONG><a name="[58]"></a>adc_regular_channel_config</STRONG> (Thumb, 214 bytes, Stack size 16 bytes, gd32f1x0_adc.o(i.adc_regular_channel_config))
<BR><BR>[Stack]<UL><LI>Max Depth = 16<LI>Call Chain = adc_regular_channel_config
</UL>
<BR>[Called By]<UL><LI><a href="#[53]">&gt;&gt;</a>&nbsp;&nbsp;&nbsp;ADC_Config
</UL>

<P><STRONG><a name="[8d]"></a>adc_software_trigger_enable</STRONG> (Thumb, 38 bytes, Stack size 0 bytes, gd32f1x0_adc.o(i.adc_software_trigger_enable))
<BR><BR>[Called By]<UL><LI><a href="#[39]">&gt;&gt;</a>&nbsp;&nbsp;&nbsp;main
</UL>

<P><STRONG><a name="[70]"></a>dac0_data_set</STRONG> (Thumb, 40 bytes, Stack size 0 bytes, gd32f1x0_dac.o(i.dac0_data_set))
<BR><BR>[Called By]<UL><LI><a href="#[73]">&gt;&gt;</a>&nbsp;&nbsp;&nbsp;DAC_voltage_output
<LI><a href="#[6d]">&gt;&gt;</a>&nbsp;&nbsp;&nbsp;DAC_Config
</UL>

<P><STRONG><a name="[71]"></a>dac0_enable</STRONG> (Thumb, 14 bytes, Stack size 0 bytes, gd32f1x0_dac.o(i.dac0_enable))
<BR><BR>[Called By]<UL><LI><a href="#[6d]">&gt;&gt;</a>&nbsp;&nbsp;&nbsp;DAC_Config
</UL>

<P><STRONG><a name="[6f]"></a>dac0_output_buffer_disable</STRONG> (Thumb, 14 bytes, Stack size 0 bytes, gd32f1x0_dac.o(i.dac0_output_buffer_disable))
<BR><BR>[Called By]<UL><LI><a href="#[6d]">&gt;&gt;</a>&nbsp;&nbsp;&nbsp;DAC_Config
</UL>

<P><STRONG><a name="[72]"></a>dac0_software_trigger_enable</STRONG> (Thumb, 14 bytes, Stack size 0 bytes, gd32f1x0_dac.o(i.dac0_software_trigger_enable))
<BR><BR>[Called By]<UL><LI><a href="#[6d]">&gt;&gt;</a>&nbsp;&nbsp;&nbsp;DAC_Config
</UL>

<P><STRONG><a name="[6e]"></a>dac0_trigger_source_config</STRONG> (Thumb, 22 bytes, Stack size 0 bytes, gd32f1x0_dac.o(i.dac0_trigger_source_config))
<BR><BR>[Called By]<UL><LI><a href="#[6d]">&gt;&gt;</a>&nbsp;&nbsp;&nbsp;DAC_Config
</UL>

<P><STRONG><a name="[8f]"></a>delay_1ms</STRONG> (Thumb, 16 bytes, Stack size 0 bytes, systick.o(i.delay_1ms))
<BR><BR>[Called By]<UL><LI><a href="#[39]">&gt;&gt;</a>&nbsp;&nbsp;&nbsp;main
</UL>

<P><STRONG><a name="[78]"></a>delay_decrement</STRONG> (Thumb, 18 bytes, Stack size 0 bytes, systick.o(i.delay_decrement))
<BR><BR>[Called By]<UL><LI><a href="#[9]">&gt;&gt;</a>&nbsp;&nbsp;&nbsp;SysTick_Handler
</UL>

<P><STRONG><a name="[6b]"></a>dma_channel_enable</STRONG> (Thumb, 30 bytes, Stack size 0 bytes, gd32f1x0_dma.o(i.dma_channel_enable))
<BR><BR>[Called By]<UL><LI><a href="#[5f]">&gt;&gt;</a>&nbsp;&nbsp;&nbsp;ADC_DMA_Config
</UL>

<P><STRONG><a name="[6a]"></a>dma_circulation_enable</STRONG> (Thumb, 30 bytes, Stack size 0 bytes, gd32f1x0_dma.o(i.dma_circulation_enable))
<BR><BR>[Called By]<UL><LI><a href="#[5f]">&gt;&gt;</a>&nbsp;&nbsp;&nbsp;ADC_DMA_Config
</UL>

<P><STRONG><a name="[60]"></a>dma_deinit</STRONG> (Thumb, 88 bytes, Stack size 0 bytes, gd32f1x0_dma.o(i.dma_deinit))
<BR><BR>[Called By]<UL><LI><a href="#[5f]">&gt;&gt;</a>&nbsp;&nbsp;&nbsp;ADC_DMA_Config
</UL>

<P><STRONG><a name="[8e]"></a>dma_flag_get</STRONG> (Thumb, 26 bytes, Stack size 8 bytes, gd32f1x0_dma.o(i.dma_flag_get))
<BR><BR>[Stack]<UL><LI>Max Depth = 8<LI>Call Chain = dma_flag_get
</UL>
<BR>[Called By]<UL><LI><a href="#[39]">&gt;&gt;</a>&nbsp;&nbsp;&nbsp;main
</UL>

<P><STRONG><a name="[62]"></a>dma_memory_address_config</STRONG> (Thumb, 14 bytes, Stack size 0 bytes, gd32f1x0_dma.o(i.dma_memory_address_config))
<BR><BR>[Called By]<UL><LI><a href="#[5f]">&gt;&gt;</a>&nbsp;&nbsp;&nbsp;ADC_DMA_Config
</UL>

<P><STRONG><a name="[69]"></a>dma_memory_increase_enable</STRONG> (Thumb, 30 bytes, Stack size 0 bytes, gd32f1x0_dma.o(i.dma_memory_increase_enable))
<BR><BR>[Called By]<UL><LI><a href="#[5f]">&gt;&gt;</a>&nbsp;&nbsp;&nbsp;ADC_DMA_Config
</UL>

<P><STRONG><a name="[64]"></a>dma_memory_width_config</STRONG> (Thumb, 34 bytes, Stack size 8 bytes, gd32f1x0_dma.o(i.dma_memory_width_config))
<BR><BR>[Stack]<UL><LI>Max Depth = 8<LI>Call Chain = dma_memory_width_config
</UL>
<BR>[Called By]<UL><LI><a href="#[5f]">&gt;&gt;</a>&nbsp;&nbsp;&nbsp;ADC_DMA_Config
</UL>

<P><STRONG><a name="[61]"></a>dma_periph_address_config</STRONG> (Thumb, 14 bytes, Stack size 0 bytes, gd32f1x0_dma.o(i.dma_periph_address_config))
<BR><BR>[Called By]<UL><LI><a href="#[5f]">&gt;&gt;</a>&nbsp;&nbsp;&nbsp;ADC_DMA_Config
</UL>

<P><STRONG><a name="[68]"></a>dma_periph_increase_disable</STRONG> (Thumb, 30 bytes, Stack size 0 bytes, gd32f1x0_dma.o(i.dma_periph_increase_disable))
<BR><BR>[Called By]<UL><LI><a href="#[5f]">&gt;&gt;</a>&nbsp;&nbsp;&nbsp;ADC_DMA_Config
</UL>

<P><STRONG><a name="[65]"></a>dma_periph_width_config</STRONG> (Thumb, 34 bytes, Stack size 8 bytes, gd32f1x0_dma.o(i.dma_periph_width_config))
<BR><BR>[Stack]<UL><LI>Max Depth = 8<LI>Call Chain = dma_periph_width_config
</UL>
<BR>[Called By]<UL><LI><a href="#[5f]">&gt;&gt;</a>&nbsp;&nbsp;&nbsp;ADC_DMA_Config
</UL>

<P><STRONG><a name="[66]"></a>dma_priority_config</STRONG> (Thumb, 34 bytes, Stack size 8 bytes, gd32f1x0_dma.o(i.dma_priority_config))
<BR><BR>[Stack]<UL><LI>Max Depth = 8<LI>Call Chain = dma_priority_config
</UL>
<BR>[Called By]<UL><LI><a href="#[5f]">&gt;&gt;</a>&nbsp;&nbsp;&nbsp;ADC_DMA_Config
</UL>

<P><STRONG><a name="[63]"></a>dma_transfer_direction_config</STRONG> (Thumb, 64 bytes, Stack size 8 bytes, gd32f1x0_dma.o(i.dma_transfer_direction_config))
<BR><BR>[Stack]<UL><LI>Max Depth = 8<LI>Call Chain = dma_transfer_direction_config
</UL>
<BR>[Called By]<UL><LI><a href="#[5f]">&gt;&gt;</a>&nbsp;&nbsp;&nbsp;ADC_DMA_Config
</UL>

<P><STRONG><a name="[67]"></a>dma_transfer_number_config</STRONG> (Thumb, 14 bytes, Stack size 0 bytes, gd32f1x0_dma.o(i.dma_transfer_number_config))
<BR><BR>[Called By]<UL><LI><a href="#[5f]">&gt;&gt;</a>&nbsp;&nbsp;&nbsp;ADC_DMA_Config
</UL>

<P><STRONG><a name="[3c]"></a>fputc</STRONG> (Thumb, 34 bytes, Stack size 16 bytes, main.o(i.fputc))
<BR><BR>[Stack]<UL><LI>Max Depth = 24<LI>Call Chain = fputc &rArr; usart_flag_get
</UL>
<BR>[Calls]<UL><LI><a href="#[89]">&gt;&gt;</a>&nbsp;&nbsp;&nbsp;usart_flag_get
<LI><a href="#[88]">&gt;&gt;</a>&nbsp;&nbsp;&nbsp;usart_data_transmit
</UL>
<BR>[Address Reference Count : 1]<UL><LI> printfa.o(i.__0printf)
</UL>
<P><STRONG><a name="[7b]"></a>gpio_af_set</STRONG> (Thumb, 94 bytes, Stack size 20 bytes, gd32f1x0_gpio.o(i.gpio_af_set))
<BR><BR>[Stack]<UL><LI>Max Depth = 20<LI>Call Chain = gpio_af_set
</UL>
<BR>[Called By]<UL><LI><a href="#[7a]">&gt;&gt;</a>&nbsp;&nbsp;&nbsp;USART0_Init
</UL>

<P><STRONG><a name="[77]"></a>gpio_bit_set</STRONG> (Thumb, 4 bytes, Stack size 0 bytes, gd32f1x0_gpio.o(i.gpio_bit_set))
<BR><BR>[Called By]<UL><LI><a href="#[75]">&gt;&gt;</a>&nbsp;&nbsp;&nbsp;LED_Init
</UL>

<P><STRONG><a name="[56]"></a>gpio_mode_set</STRONG> (Thumb, 78 bytes, Stack size 20 bytes, gd32f1x0_gpio.o(i.gpio_mode_set))
<BR><BR>[Stack]<UL><LI>Max Depth = 20<LI>Call Chain = gpio_mode_set
</UL>
<BR>[Called By]<UL><LI><a href="#[7a]">&gt;&gt;</a>&nbsp;&nbsp;&nbsp;USART0_Init
<LI><a href="#[75]">&gt;&gt;</a>&nbsp;&nbsp;&nbsp;LED_Init
<LI><a href="#[6d]">&gt;&gt;</a>&nbsp;&nbsp;&nbsp;DAC_Config
<LI><a href="#[53]">&gt;&gt;</a>&nbsp;&nbsp;&nbsp;ADC_Config
</UL>

<P><STRONG><a name="[76]"></a>gpio_output_options_set</STRONG> (Thumb, 66 bytes, Stack size 20 bytes, gd32f1x0_gpio.o(i.gpio_output_options_set))
<BR><BR>[Stack]<UL><LI>Max Depth = 20<LI>Call Chain = gpio_output_options_set
</UL>
<BR>[Called By]<UL><LI><a href="#[7a]">&gt;&gt;</a>&nbsp;&nbsp;&nbsp;USART0_Init
<LI><a href="#[75]">&gt;&gt;</a>&nbsp;&nbsp;&nbsp;LED_Init
</UL>

<P><STRONG><a name="[39]"></a>main</STRONG> (Thumb, 194 bytes, Stack size 0 bytes, main.o(i.main))
<BR><BR>[Stack]<UL><LI>Max Depth = 136<LI>Call Chain = main &rArr; USART0_Init &rArr; usart_baudrate_set &rArr; rcu_clock_freq_get
</UL>
<BR>[Calls]<UL><LI><a href="#[8a]">&gt;&gt;</a>&nbsp;&nbsp;&nbsp;systick_config
<LI><a href="#[8e]">&gt;&gt;</a>&nbsp;&nbsp;&nbsp;dma_flag_get
<LI><a href="#[8f]">&gt;&gt;</a>&nbsp;&nbsp;&nbsp;delay_1ms
<LI><a href="#[8d]">&gt;&gt;</a>&nbsp;&nbsp;&nbsp;adc_software_trigger_enable
<LI><a href="#[46]">&gt;&gt;</a>&nbsp;&nbsp;&nbsp;__aeabi_ui2f
<LI><a href="#[40]">&gt;&gt;</a>&nbsp;&nbsp;&nbsp;__aeabi_fdiv
<LI><a href="#[74]">&gt;&gt;</a>&nbsp;&nbsp;&nbsp;__aeabi_f2d
<LI><a href="#[42]">&gt;&gt;</a>&nbsp;&nbsp;&nbsp;__aeabi_dmul
<LI><a href="#[4a]">&gt;&gt;</a>&nbsp;&nbsp;&nbsp;__aeabi_d2f
<LI><a href="#[7a]">&gt;&gt;</a>&nbsp;&nbsp;&nbsp;USART0_Init
<LI><a href="#[75]">&gt;&gt;</a>&nbsp;&nbsp;&nbsp;LED_Init
<LI><a href="#[73]">&gt;&gt;</a>&nbsp;&nbsp;&nbsp;DAC_voltage_output
<LI><a href="#[6d]">&gt;&gt;</a>&nbsp;&nbsp;&nbsp;DAC_Config
<LI><a href="#[5f]">&gt;&gt;</a>&nbsp;&nbsp;&nbsp;ADC_DMA_Config
<LI><a href="#[53]">&gt;&gt;</a>&nbsp;&nbsp;&nbsp;ADC_Config
<LI><a href="#[8b]">&gt;&gt;</a>&nbsp;&nbsp;&nbsp;Get_JTAG_ID
<LI><a href="#[8c]">&gt;&gt;</a>&nbsp;&nbsp;&nbsp;__2printf
</UL>
<BR>[Address Reference Count : 1]<UL><LI> entry9a.o(.ARM.Collect$$$$0000000B)
</UL>
<P><STRONG><a name="[55]"></a>rcu_adc_clock_config</STRONG> (Thumb, 148 bytes, Stack size 0 bytes, gd32f1x0_rcu.o(i.rcu_adc_clock_config))
<BR><BR>[Called By]<UL><LI><a href="#[53]">&gt;&gt;</a>&nbsp;&nbsp;&nbsp;ADC_Config
</UL>

<P><STRONG><a name="[92]"></a>rcu_clock_freq_get</STRONG> (Thumb, 646 bytes, Stack size 96 bytes, gd32f1x0_rcu.o(i.rcu_clock_freq_get))
<BR><BR>[Stack]<UL><LI>Max Depth = 96<LI>Call Chain = rcu_clock_freq_get
</UL>
<BR>[Called By]<UL><LI><a href="#[7d]">&gt;&gt;</a>&nbsp;&nbsp;&nbsp;usart_baudrate_set
</UL>

<P><STRONG><a name="[54]"></a>rcu_periph_clock_enable</STRONG> (Thumb, 28 bytes, Stack size 0 bytes, gd32f1x0_rcu.o(i.rcu_periph_clock_enable))
<BR><BR>[Called By]<UL><LI><a href="#[7a]">&gt;&gt;</a>&nbsp;&nbsp;&nbsp;USART0_Init
<LI><a href="#[75]">&gt;&gt;</a>&nbsp;&nbsp;&nbsp;LED_Init
<LI><a href="#[6d]">&gt;&gt;</a>&nbsp;&nbsp;&nbsp;DAC_Config
<LI><a href="#[5f]">&gt;&gt;</a>&nbsp;&nbsp;&nbsp;ADC_DMA_Config
<LI><a href="#[53]">&gt;&gt;</a>&nbsp;&nbsp;&nbsp;ADC_Config
</UL>

<P><STRONG><a name="[94]"></a>rcu_periph_reset_disable</STRONG> (Thumb, 28 bytes, Stack size 0 bytes, gd32f1x0_rcu.o(i.rcu_periph_reset_disable))
<BR><BR>[Called By]<UL><LI><a href="#[7c]">&gt;&gt;</a>&nbsp;&nbsp;&nbsp;usart_deinit
</UL>

<P><STRONG><a name="[93]"></a>rcu_periph_reset_enable</STRONG> (Thumb, 28 bytes, Stack size 0 bytes, gd32f1x0_rcu.o(i.rcu_periph_reset_enable))
<BR><BR>[Called By]<UL><LI><a href="#[7c]">&gt;&gt;</a>&nbsp;&nbsp;&nbsp;usart_deinit
</UL>

<P><STRONG><a name="[8a]"></a>systick_config</STRONG> (Thumb, 74 bytes, Stack size 8 bytes, systick.o(i.systick_config))
<BR><BR>[Stack]<UL><LI>Max Depth = 16<LI>Call Chain = systick_config &rArr; NVIC_SetPriority
</UL>
<BR>[Calls]<UL><LI><a href="#[91]">&gt;&gt;</a>&nbsp;&nbsp;&nbsp;NVIC_SetPriority
</UL>
<BR>[Called By]<UL><LI><a href="#[39]">&gt;&gt;</a>&nbsp;&nbsp;&nbsp;main
</UL>

<P><STRONG><a name="[7d]"></a>usart_baudrate_set</STRONG> (Thumb, 120 bytes, Stack size 32 bytes, gd32f1x0_usart.o(i.usart_baudrate_set))
<BR><BR>[Stack]<UL><LI>Max Depth = 128<LI>Call Chain = usart_baudrate_set &rArr; rcu_clock_freq_get
</UL>
<BR>[Calls]<UL><LI><a href="#[92]">&gt;&gt;</a>&nbsp;&nbsp;&nbsp;rcu_clock_freq_get
</UL>
<BR>[Called By]<UL><LI><a href="#[7a]">&gt;&gt;</a>&nbsp;&nbsp;&nbsp;USART0_Init
</UL>

<P><STRONG><a name="[88]"></a>usart_data_transmit</STRONG> (Thumb, 8 bytes, Stack size 0 bytes, gd32f1x0_usart.o(i.usart_data_transmit))
<BR><BR>[Called By]<UL><LI><a href="#[3c]">&gt;&gt;</a>&nbsp;&nbsp;&nbsp;fputc
</UL>

<P><STRONG><a name="[7c]"></a>usart_deinit</STRONG> (Thumb, 58 bytes, Stack size 8 bytes, gd32f1x0_usart.o(i.usart_deinit))
<BR><BR>[Stack]<UL><LI>Max Depth = 8<LI>Call Chain = usart_deinit
</UL>
<BR>[Calls]<UL><LI><a href="#[93]">&gt;&gt;</a>&nbsp;&nbsp;&nbsp;rcu_periph_reset_enable
<LI><a href="#[94]">&gt;&gt;</a>&nbsp;&nbsp;&nbsp;rcu_periph_reset_disable
</UL>
<BR>[Called By]<UL><LI><a href="#[7a]">&gt;&gt;</a>&nbsp;&nbsp;&nbsp;USART0_Init
</UL>

<P><STRONG><a name="[80]"></a>usart_enable</STRONG> (Thumb, 10 bytes, Stack size 0 bytes, gd32f1x0_usart.o(i.usart_enable))
<BR><BR>[Called By]<UL><LI><a href="#[7a]">&gt;&gt;</a>&nbsp;&nbsp;&nbsp;USART0_Init
</UL>

<P><STRONG><a name="[89]"></a>usart_flag_get</STRONG> (Thumb, 30 bytes, Stack size 8 bytes, gd32f1x0_usart.o(i.usart_flag_get))
<BR><BR>[Stack]<UL><LI>Max Depth = 8<LI>Call Chain = usart_flag_get
</UL>
<BR>[Called By]<UL><LI><a href="#[3c]">&gt;&gt;</a>&nbsp;&nbsp;&nbsp;fputc
</UL>

<P><STRONG><a name="[7f]"></a>usart_receive_config</STRONG> (Thumb, 16 bytes, Stack size 0 bytes, gd32f1x0_usart.o(i.usart_receive_config))
<BR><BR>[Called By]<UL><LI><a href="#[7a]">&gt;&gt;</a>&nbsp;&nbsp;&nbsp;USART0_Init
</UL>

<P><STRONG><a name="[7e]"></a>usart_transmit_config</STRONG> (Thumb, 16 bytes, Stack size 0 bytes, gd32f1x0_usart.o(i.usart_transmit_config))
<BR><BR>[Called By]<UL><LI><a href="#[7a]">&gt;&gt;</a>&nbsp;&nbsp;&nbsp;USART0_Init
</UL>
<P>
<H3>
Local Symbols
</H3>
<P><STRONG><a name="[91]"></a>NVIC_SetPriority</STRONG> (Thumb, 32 bytes, Stack size 8 bytes, systick.o(i.NVIC_SetPriority))
<BR><BR>[Stack]<UL><LI>Max Depth = 8<LI>Call Chain = NVIC_SetPriority
</UL>
<BR>[Called By]<UL><LI><a href="#[8a]">&gt;&gt;</a>&nbsp;&nbsp;&nbsp;systick_config
</UL>

<P><STRONG><a name="[90]"></a>system_clock_72m_irc8m</STRONG> (Thumb, 106 bytes, Stack size 0 bytes, system_gd32f1x0.o(i.system_clock_72m_irc8m))
<BR><BR>[Called By]<UL><LI><a href="#[79]">&gt;&gt;</a>&nbsp;&nbsp;&nbsp;system_clock_config
</UL>

<P><STRONG><a name="[79]"></a>system_clock_config</STRONG> (Thumb, 8 bytes, Stack size 8 bytes, system_gd32f1x0.o(i.system_clock_config))
<BR><BR>[Stack]<UL><LI>Max Depth = 8<LI>Call Chain = system_clock_config
</UL>
<BR>[Calls]<UL><LI><a href="#[90]">&gt;&gt;</a>&nbsp;&nbsp;&nbsp;system_clock_72m_irc8m
</UL>
<BR>[Called By]<UL><LI><a href="#[3a]">&gt;&gt;</a>&nbsp;&nbsp;&nbsp;SystemInit
</UL>

<P><STRONG><a name="[83]"></a>_fp_digits</STRONG> (Thumb, 366 bytes, Stack size 64 bytes, printfa.o(i._fp_digits), UNUSED)
<BR><BR>[Calls]<UL><LI><a href="#[42]">&gt;&gt;</a>&nbsp;&nbsp;&nbsp;__aeabi_dmul
<LI><a href="#[44]">&gt;&gt;</a>&nbsp;&nbsp;&nbsp;__aeabi_ddiv
<LI><a href="#[4b]">&gt;&gt;</a>&nbsp;&nbsp;&nbsp;__aeabi_uldivmod
<LI><a href="#[4d]">&gt;&gt;</a>&nbsp;&nbsp;&nbsp;__aeabi_dadd
<LI><a href="#[51]">&gt;&gt;</a>&nbsp;&nbsp;&nbsp;__aeabi_d2ulz
<LI><a href="#[84]">&gt;&gt;</a>&nbsp;&nbsp;&nbsp;__aeabi_cdrcmple
</UL>
<BR>[Called By]<UL><LI><a href="#[82]">&gt;&gt;</a>&nbsp;&nbsp;&nbsp;_printf_core
</UL>

<P><STRONG><a name="[82]"></a>_printf_core</STRONG> (Thumb, 1704 bytes, Stack size 136 bytes, printfa.o(i._printf_core), UNUSED)
<BR><BR>[Calls]<UL><LI><a href="#[4b]">&gt;&gt;</a>&nbsp;&nbsp;&nbsp;__aeabi_uldivmod
<LI><a href="#[87]">&gt;&gt;</a>&nbsp;&nbsp;&nbsp;__aeabi_uidivmod
<LI><a href="#[85]">&gt;&gt;</a>&nbsp;&nbsp;&nbsp;_printf_pre_padding
<LI><a href="#[86]">&gt;&gt;</a>&nbsp;&nbsp;&nbsp;_printf_post_padding
<LI><a href="#[83]">&gt;&gt;</a>&nbsp;&nbsp;&nbsp;_fp_digits
</UL>
<BR>[Called By]<UL><LI><a href="#[81]">&gt;&gt;</a>&nbsp;&nbsp;&nbsp;__0printf
</UL>

<P><STRONG><a name="[86]"></a>_printf_post_padding</STRONG> (Thumb, 36 bytes, Stack size 24 bytes, printfa.o(i._printf_post_padding), UNUSED)
<BR><BR>[Called By]<UL><LI><a href="#[82]">&gt;&gt;</a>&nbsp;&nbsp;&nbsp;_printf_core
</UL>

<P><STRONG><a name="[85]"></a>_printf_pre_padding</STRONG> (Thumb, 46 bytes, Stack size 24 bytes, printfa.o(i._printf_pre_padding), UNUSED)
<BR><BR>[Called By]<UL><LI><a href="#[82]">&gt;&gt;</a>&nbsp;&nbsp;&nbsp;_printf_core
</UL>
<P>
<H3>
Undefined Global Symbols
</H3><HR></body></html>
